NAME 	REVISION	SUSPENDED	READY	MESSAGE                          
thrfg	6.3.5   	False    	True 	Release reconciliation succeeded	
